â–¿ 9 elements
  - "at: PlexApi.Requestor.request<A where A: Swift.Decodable>(url: Foundation.URL, _: A.Type, requestUUID: Swift.Optional<Foundation.UUID>, method: Swift.String, queryItems: Swift.Optional<Swift.Array<Foundation.URLQueryItem>>, sendDefaultQueries: Swift.Bool, timeout: Swift.Optional<Swift.Duration>, invalidateAfterError: Swift.Bool, useCache: Swift.Bool, onlyCached: Swift.Bool) async throws -> A 2 PlexRunner 0x0000000100f84c38"
  - "at: PlexApi.ResourcesService.ping(server: PlexShared.ServerWithConnection, timeout: Swift.Duration) async -> PlexApi.PingResult"
  - "at: PlexApi.ResourcesService.capabilities(server: PlexShared.Server) async throws -> PlexShared.Root<PlexShared.Capabilities>"
  - "at: static PlexRunner.Main.main() async throws -> () 5 PlexRunner 0x0000000100003619"
  - "at: static PlexRunner.Main.$main() async throws -> () 6 PlexRunner 0x00000001000049c1"
  - "at: async_MainTQ0_ 7 PlexRunner 0x0000000100004bd1"
  - "at: reabstraction thunk helper from @escaping @convention(thin) @async () -> () to @escaping @callee_guaranteed @async () -> (@out (), @error @owned Swift.Error) 8 PlexRunner 0x0000000100004d3d"
  - "at: partial apply forwarder for reabstraction thunk helper from @escaping @convention(thin) @async () -> () to @escaping @callee_guaranteed @async () -> (@out (), @error @owned Swift.Error) 9 PlexRunner 0x0000000100004e65"
  - "at: _ZL23completeTaskWithClosurePN5swift12AsyncContextEPNS_10SwiftErrorE 10 libswift_Concurrency.dylib 0x00000002273f1c7d"
