â–¿ 15 elements
  - "StacktraceError: Error Domain= Code=0 \"(null)\""
  - " "
  - "  -> init SwiftStacktraceErrorTests.swift:0 SwiftStacktraceTests"
  - " "
  - "  init SwiftStacktraceErrorTests.swift:0 SwiftStacktraceTests"
  - "   "
  - "    at: PlexApi.Requestor.request<A where A: Swift.Decodable>(url: Foundation.URL, _: A.Type, requestUUID: Swift.Optional<Foundation.UUID>, method: Swift.String, queryItems: Swift.Optional<Swift.Array<Foundation.URLQueryItem>>, sendDefaultQueries: Swift.Bool, timeout: Swift.Optional<Swift.Duration>, invalidateAfterError: Swift.Bool, useCache: Swift.Bool, onlyCached: Swift.Bool) async throws -> A 2 PlexRunner"
  - "    at: PlexApi.ResourcesService.ping(server: PlexShared.ServerWithConnection, timeout: Swift.Duration) async -> PlexApi.PingResult"
  - "    at: PlexApi.ResourcesService.capabilities(server: PlexShared.Server) async throws -> PlexShared.Root<PlexShared.Capabilities>"
  - "    at: static PlexRunner.Main.main() async throws -> () 5 PlexRunner"
  - "    at: static PlexRunner.Main.$main() async throws -> () 6 PlexRunner"
  - "    at: async_MainTQ0_ 7 PlexRunner"
  - "    at: reabstraction thunk helper from @escaping @convention(thin) @async () -> () to @escaping @callee_guaranteed @async () -> (@out (), @error @owned Swift.Error) 8 PlexRunner"
  - "    at: partial apply forwarder for reabstraction thunk helper from @escaping @convention(thin) @async () -> () to @escaping @callee_guaranteed @async () -> (@out (), @error @owned Swift.Error) 9 PlexRunner"
  - "    at: _ZL23completeTaskWithClosurePN5swift12AsyncContextEPNS_10SwiftErrorE 10 libswift_Concurrency.dylib"
