▿ FunctionInfo
  ▿ arguments: 4 elements
    ▿ FunctionArgument
      ▿ label: Optional<String>
        - some: "_"
      ▿ type: TypeName
        ▿ base: Optional<String>
          - some: "Swift"
        - name: "String"
    ▿ FunctionArgument
      ▿ label: Optional<String>
        - some: "_"
      ▿ type: TypeName
        ▿ base: Optional<String>
          - some: "Swift"
        - name: "UInt"
    ▿ FunctionArgument
      ▿ label: Optional<String>
        - some: "_"
      ▿ type: TypeName
        ▿ base: Optional<String>
          - some: "Swift"
        - name: "String"
    ▿ FunctionArgument
      ▿ label: Optional<String>
        - some: "stack"
      ▿ type: TypeName
        ▿ base: Optional<String>
          - some: "Swift"
        - name: "Sequence"
  - functionName: "init"
  ▿ functionType: Optional<TypeName>
    ▿ some: TypeName
      ▿ base: Optional<String>
        - some: "SwiftStacktrace"
      - name: "Caller"
  - raw: "default argument 3 of SwiftStacktrace.Caller.init(_: Swift.String, _: Swift.UInt, _: Swift.String, stack: any Swift.Sequence<Self.Swift.Sequence.Element == Swift.String>) -> SwiftStacktrace.Caller"
